2026-08-13 11:53:44 0 [Note] Starting MariaDB 12.2.2-MariaDB source revision d26a6f44c1f2119377e79a9540886c6d8c01472f server_uid xJT/hEpMyYz8NBn/ZphAmDN0v2g= as process 26693
2026-08-13 11:53:44 0 [Note] InnoDB: Compressed tables use zlib 1.3.2
2026-08-13 11:53:44 0 [Note] InnoDB: Number of transaction pools: 1
2026-08-13 11:53:44 0 [Note] InnoDB: Using crc32 + pclmulqdq instructions
2026-08-13 11:53:44 0 [Note] InnoDB: Using io_uring
2026-08-13 11:53:44 0 [Note] InnoDB: innodb_buffer_pool_size_max=128m, innodb_buffer_pool_size=128m
2026-08-13 11:53:44 0 [Note] InnoDB: Completed initialization of buffer pool
2026-08-13 11:53:44 0 [Note] InnoDB: Buffered log writes (block size=512 bytes)
2026-08-13 11:53:44 0 [Note] InnoDB: End of log at LSN=6587075
2026-08-13 11:53:44 0 [Note] InnoDB: Opened 3 undo tablespaces
2026-08-13 11:53:44 0 [Note] InnoDB: 128 rollback segments in 3 undo tablespaces are active.
2026-08-13 11:53:44 0 [Note] InnoDB: Setting file './ibtmp1' size to 12.000MiB. Physically writing the file full; Please wait ...
2026-08-13 11:53:44 0 [Note] InnoDB: File './ibtmp1' size is now 12.000MiB.
2026-08-13 11:53:44 0 [Note] InnoDB: log sequence number 6587075; transaction id 7507
2026-08-13 11:53:44 0 [Note] Plugin 'wsrep-provider' is disabled.
2026-08-13 11:53:44 0 [Note] InnoDB: Loading buffer pool(s) from /home/lone/MariesRestaurant /.freebuff/mysql/data/ib_buffer_pool
2026-08-13 11:53:44 0 [Note] InnoDB: Buffer pool(s) load completed at 260813 11:53:44
2026-08-13 11:53:45 0 [Note] Server socket created on IP: '127.0.0.1', port: '3307'.
2026-08-13 11:53:45 0 [Note] mariadbd: Event Scheduler: Loaded 0 events
2026-08-13 11:53:45 0 [Note] mariadbd: ready for connections.
Version: '12.2.2-MariaDB'  socket: '/home/lone/MariesRestaurant /.freebuff/mysql/mysql.sock'  port: 3307  Arch Linux
